-- Testcase 001
CREATE EXTENSION hstore;
-- Testcase 002
CREATE EXTENSION redis_fdw;
-- Testcase 003
create server localredis foreign data wrapper redis_fdw;
-- Testcase 004
create user mapping for public server localredis;
-- Testcase 005
-- \! redis-cli < test/redis_gis_ini
-- REDIS SPATIAL VALUE TESTS WILL BE HERE
-- Testcase 098
-- all done, so now blow everything in the db away again
\! redis-cli < test/redis_clean
OK
OK
-- Testcase 099
DROP EXTENSION redis_fdw CASCADE;
NOTICE:  drop cascades to 2 other objects
DETAIL:  drop cascades to server localredis
drop cascades to user mapping for public on server localredis
-- Testcase 100
DROP EXTENSION hstore CASCADE;
